4
26
56
66
75
91
94
97
108
125
129
144
145
151
154
165
190
193
193
198
