2
9
24
40
66
78
80
83
112
128
146
148
154
158
160
166
177
179
180
183
